
> smartvend-backend@1.0.0 start
> node server.js

[36m
╔═══════════════════════════════════════════════════════════╗
║                                                           ║
║   🥤 SmartVend Backend Server                             ║
║                                                           ║
║   Server running in development mode                    ║
║   Port: 5000                                              ║
║                                                           ║
║   API Base URL: http://localhost:5000/api/v1              ║
║   Health Check: http://localhost:5000/health              ║
║                                                           ║
╚═══════════════════════════════════════════════════════════╝
  [39m
[1m[4m[36mMongoDB Connected: localhost[39m[24m[22m
[0mGET /health [32m200[0m 2.980 ms - 120[0m
[0mGET /health [32m200[0m 0.548 ms - 120[0m
[0mGET /api/v1/products?machineId=VM-4029&limit=1 [32m200[0m 22.715 ms - 880[0m
[0mPOST /api/v1/orders [32m201[0m 27.290 ms - 716[0m
[0mGET /api/v1/orders/6a21b6d15ce77d8a7b8a49ae [32m200[0m 10.857 ms - 1202[0m
[0mPOST /api/v1/payments/wallet-notifications [32m200[0m 24.081 ms - 393[0m
[0mGET /api/v1/orders/6a21b6d15ce77d8a7b8a49ae/status [32m200[0m 4.490 ms - 441[0m
[0mGET /api/v1/products?machineId=VM-4029&limit=1 [32m200[0m 6.601 ms - 880[0m
[0mPOST /api/v1/orders [32m201[0m 7.132 ms - 744[0m
[0mGET /api/v1/orders/6a21b6e65ce77d8a7b8a49c8 [32m200[0m 5.934 ms - 1223[0m
[0mPOST /api/v1/payments/wallet-notifications [32m200[0m 19.085 ms - 393[0m
[0mGET /api/v1/orders/6a21b6e65ce77d8a7b8a49c8/status [32m200[0m 2.775 ms - 441[0m
[0mGET /health [32m200[0m 0.240 ms - 120[0m
[0mGET /health [32m200[0m 0.294 ms - 120[0m
